================================================================
Minibatch GW Transport Matrix Computation (LOG SCALE)
================================================================

This script will:
  1. Compute 500 random 32-cell minibatch transport matrices
  2. Save matrices in LOG SCALE format
  3. Analyze the results

Output directory: /home/users/turbodu/.../Transport_Matrix/

================================================================

Step 1: Computing Transport Matrices
--------------------------------------
This will take approximately 10-20 minutes...

Added to Python path: /home/users/turbodu/kzlinlab/projects/morpho_integration/git/morpho_integration/code/turbo/writeup23/cross_modal_VAE_v6
======================================================================
Minibatch GW Transport Matrix Computation (LOG SCALE)
======================================================================

Configuration:
  Checkpoint: /home/users/turbodu/kzlinlab/projects/morpho_integration/out/turbo/writeup23/cm_VAE_v6_PCA/outputs/config_1/checkpoints/gen_00003001.pt
  Config: /home/users/turbodu/kzlinlab/projects/morpho_integration/out/turbo/writeup23/cm_VAE_v6_PCA/configs/config_1.yaml
  Barcodes: /home/users/turbodu/kzlinlab/projects/morpho_integration/out/turbo/scala/exon_norm_paired_2000.csv
  Output directory: /home/users/turbodu/kzlinlab/projects/morpho_integration/out/turbo/writeup23/Transport_Matrix
  Number of iterations: 500
  Batch size: 32
  Random seed: 42

  OUTPUT FORMAT: LOG SCALE
    Each matrix element = log(T[i,j])
    Verification: rowSums(exp(T)) = 1, colSums(exp(T)) = 1

✓ Created output directory: /home/users/turbodu/kzlinlab/projects/morpho_integration/out/turbo/writeup23/Transport_Matrix
✓ Successfully imported required modules

======================================================================
Step 1: Loading Configuration and Dataset
======================================================================
Traceback (most recent call last):
  File "/home/projects/kzlinlab/projects/morpho_integration/git/morpho_integration/code/turbo/writeup23/Transition_GW/compute_minibatch_gw_logscale.py", line 406, in <module>
    main()
  File "/home/projects/kzlinlab/projects/morpho_integration/git/morpho_integration/code/turbo/writeup23/Transition_GW/compute_minibatch_gw_logscale.py", line 187, in main
    config = get_config(config_path)
             ^^^^^^^^^^^^^^^^^^^^^^^
  File "/home/users/turbodu/kzlinlab/projects/morpho_integration/git/morpho_integration/code/turbo/writeup23/cross_modal_VAE_v6/utils.py", line 128, in get_config
    with open(config, 'r') as stream:
         ^^^^^^^^^^^^^^^^^
FileNotFoundError: [Errno 2] No such file or directory: '/home/users/turbodu/kzlinlab/projects/morpho_integration/out/turbo/writeup23/cm_VAE_v6_PCA/configs/config_1.yaml'
✗ Transport matrix computation failed. Check error messages above.
